11:29:28 **** Incremental Build of configuration Debug for project Lab11 ****
make -j8 all 
arm-none-eabi-gcc "../Core/Src/main.c" -mcpu=cortex-m4 -std=gnu11 -g3 -DDEBUG -DUSE_HAL_DRIVER -DSTM32F407xx -c -I../Core/Inc -I../Drivers/STM32F4xx_HAL_Driver/Inc -I../Drivers/STM32F4xx_HAL_Driver/Inc/Legacy -I../Drivers/CMSIS/Device/ST/STM32F4xx/Include -I../Drivers/CMSIS/Include -O0 -ffunction-sections -fdata-sections -Wall -fstack-usage -MMD -MP -MF"Core/Src/main.d" -MT"Core/Src/main.o" --specs=nano.specs -mfpu=fpv4-sp-d16 -mfloat-abi=hard -mthumb -o "Core/Src/main.o"
arm-none-eabi-gcc -o "Lab11.elf" @"objects.list"   -mcpu=cortex-m4 -T"D:\ADMINISTRATOR\Education\241\HTN\Labs\Lab2\Lab11\STM32F407ZGTX_FLASH.ld" --specs=nosys.specs -Wl,-Map="Lab11.map" -Wl,--gc-sections -static --specs=nano.specs -mfpu=fpv4-sp-d16 -mfloat-abi=hard -mthumb -Wl,--start-group -lc -lm -Wl,--end-group
Finished building target: Lab11.elf
 
arm-none-eabi-size   Lab11.elf 
arm-none-eabi-objdump -h -S  Lab11.elf  > "Lab11.list"
arm-none-eabi-objcopy  -O binary  Lab11.elf  "Lab11.bin"
   text	   data	    bss	    dec	    hex	filename
   6016	     20	   1572	   7608	   1db8	Lab11.elf
Finished building: default.size.stdout
 
Finished building: Lab11.bin
 
Finished building: Lab11.list
 

11:29:29 Build Finished. 0 errors, 0 warnings. (took 674ms)

